=== [1/2] tab:sfull grid: 9 grid cells + 3 domain baselines, 30 seeds, off_off ===
2520 cells, 30 workers (engine X1=False X3=False -> ../results/supp_offoff/grid_offoff_b2.0.json)
  10/2520  [0.4m]
  20/2520  [0.4m]
  30/2520  [0.4m]
  40/2520  [0.5m]
  50/2520  [0.5m]
  60/2520  [0.5m]
  70/2520  [0.7m]
  80/2520  [0.7m]
  90/2520  [0.7m]
  100/2520  [0.9m]
  110/2520  [0.9m]
  120/2520  [0.9m]
  130/2520  [0.9m]
  140/2520  [1.0m]
  150/2520  [1.0m]
  160/2520  [1.0m]
  170/2520  [1.1m]
  180/2520  [1.1m]
  190/2520  [1.1m]
  200/2520  [1.1m]
  210/2520  [1.2m]
  220/2520  [1.2m]
  230/2520  [1.2m]
  240/2520  [1.2m]
  250/2520  [1.3m]
  260/2520  [1.3m]
  270/2520  [1.3m]
  280/2520  [1.3m]
  290/2520  [1.3m]
  300/2520  [1.4m]
  310/2520  [1.4m]
  320/2520  [1.4m]
  330/2520  [1.4m]
  340/2520  [1.4m]
  350/2520  [1.4m]
  360/2520  [1.4m]
  370/2520  [1.5m]
  380/2520  [1.5m]
  390/2520  [1.5m]
  400/2520  [1.5m]
  410/2520  [1.5m]
  420/2520  [1.6m]
  430/2520  [1.6m]
  440/2520  [1.6m]
  450/2520  [1.6m]
  460/2520  [1.7m]
  470/2520  [1.8m]
  480/2520  [1.8m]
  490/2520  [1.8m]
  500/2520  [1.8m]
  510/2520  [1.9m]
  520/2520  [1.9m]
  530/2520  [1.9m]
  540/2520  [1.9m]
  550/2520  [2.0m]
  560/2520  [2.0m]
  570/2520  [2.0m]
  580/2520  [2.0m]
  590/2520  [2.1m]
  600/2520  [2.1m]
  610/2520  [2.1m]
  620/2520  [2.2m]
  630/2520  [2.2m]
  640/2520  [2.2m]
  650/2520  [2.3m]
  660/2520  [2.3m]
  670/2520  [2.3m]
  680/2520  [2.3m]
  690/2520  [2.3m]
  700/2520  [2.4m]
  710/2520  [2.4m]
  720/2520  [2.4m]
  730/2520  [2.4m]
  740/2520  [2.5m]
  750/2520  [2.5m]
  760/2520  [2.5m]
  770/2520  [2.5m]
  780/2520  [2.5m]
  790/2520  [2.6m]
  800/2520  [2.6m]
  810/2520  [2.6m]
  820/2520  [2.7m]
  830/2520  [2.7m]
  840/2520  [2.8m]
  850/2520  [2.8m]
  860/2520  [2.8m]
  870/2520  [2.8m]
  880/2520  [2.9m]
  890/2520  [2.9m]
  900/2520  [2.9m]
  910/2520  [2.9m]
  920/2520  [3.0m]
  930/2520  [3.0m]
  940/2520  [3.0m]
  950/2520  [3.0m]
  960/2520  [3.1m]
  970/2520  [3.1m]
  980/2520  [3.1m]
  990/2520  [3.1m]
  1000/2520  [3.2m]
  1010/2520  [3.3m]
  1020/2520  [3.3m]
  1030/2520  [3.3m]
  1040/2520  [3.3m]
  1050/2520  [3.3m]
  1060/2520  [3.4m]
  1070/2520  [3.4m]
  1080/2520  [3.4m]
  1090/2520  [3.5m]
  1100/2520  [3.5m]
  1110/2520  [3.6m]
  1120/2520  [3.6m]
  1130/2520  [3.6m]
  1140/2520  [3.7m]
  1150/2520  [3.7m]
  1160/2520  [3.8m]
  1170/2520  [3.8m]
  1180/2520  [4.0m]
  1190/2520  [4.0m]
  1200/2520  [4.1m]
  1210/2520  [4.2m]
  1220/2520  [4.3m]
  1230/2520  [4.4m]
  1240/2520  [4.5m]
  1250/2520  [4.5m]
  1260/2520  [4.6m]
  1270/2520  [4.6m]
  1280/2520  [4.6m]
  1290/2520  [4.6m]
  1300/2520  [4.7m]
  1310/2520  [4.7m]
  1320/2520  [4.7m]
  1330/2520  [4.8m]
  1340/2520  [4.8m]
  1350/2520  [4.9m]
  1360/2520  [5.0m]
  1370/2520  [5.0m]
  1380/2520  [5.0m]
  1390/2520  [5.1m]
  1400/2520  [5.1m]
  1410/2520  [5.1m]
  1420/2520  [5.2m]
  1430/2520  [5.2m]
  1440/2520  [5.2m]
  1450/2520  [5.3m]
  1460/2520  [5.3m]
  1470/2520  [5.3m]
  1480/2520  [5.4m]
  1490/2520  [5.5m]
  1500/2520  [5.5m]
  1510/2520  [5.6m]
  1520/2520  [5.6m]
  1530/2520  [5.6m]
  1540/2520  [5.7m]
  1550/2520  [5.7m]
  1560/2520  [5.7m]
  1570/2520  [5.8m]
  1580/2520  [5.8m]
  1590/2520  [5.8m]
  1600/2520  [5.9m]
  1610/2520  [5.9m]
  1620/2520  [5.9m]
  1630/2520  [6.0m]
  1640/2520  [6.0m]
  1650/2520  [6.1m]
  1660/2520  [6.1m]
  1670/2520  [6.1m]
  1680/2520  [6.2m]
  1690/2520  [6.2m]
  1700/2520  [6.3m]
  1710/2520  [6.3m]
  1720/2520  [6.5m]
  1730/2520  [6.5m]
  1740/2520  [6.5m]
  1750/2520  [6.6m]
  1760/2520  [6.6m]
  1770/2520  [6.7m]
  1780/2520  [6.7m]
  1790/2520  [6.8m]
  1800/2520  [6.8m]
  1810/2520  [6.9m]
  1820/2520  [6.9m]
  1830/2520  [6.9m]
  1840/2520  [7.0m]
  1850/2520  [7.0m]
  1860/2520  [7.1m]
  1870/2520  [7.2m]
  1880/2520  [7.2m]
  1890/2520  [7.2m]
  1900/2520  [7.3m]
  1910/2520  [7.4m]
  1920/2520  [7.4m]
  1930/2520  [7.5m]
  1940/2520  [7.6m]
  1950/2520  [7.6m]
  1960/2520  [7.7m]
  1970/2520  [7.7m]
  1980/2520  [7.8m]
  1990/2520  [7.8m]
  2000/2520  [7.8m]
  2010/2520  [7.9m]
  2020/2520  [7.9m]
  2030/2520  [7.9m]
  2040/2520  [8.0m]
  2050/2520  [8.1m]
  2060/2520  [8.1m]
  2070/2520  [8.1m]
  2080/2520  [8.3m]
  2090/2520  [8.3m]
  2100/2520  [8.4m]
  2110/2520  [8.4m]
  2120/2520  [8.5m]
  2130/2520  [8.5m]
  2140/2520  [8.6m]
  2150/2520  [8.6m]
  2160/2520  [8.7m]
  2170/2520  [8.8m]
  2180/2520  [8.8m]
  2190/2520  [8.9m]
  2200/2520  [9.0m]
  2210/2520  [9.1m]
  2220/2520  [9.3m]
  2230/2520  [10.3m]
  2240/2520  [10.8m]
  2250/2520  [11.2m]
  2260/2520  [11.4m]
  2270/2520  [11.5m]
  2280/2520  [11.6m]
  2290/2520  [11.7m]
  2300/2520  [11.8m]
  2310/2520  [12.5m]
  2320/2520  [13.3m]
  2330/2520  [13.5m]
  2340/2520  [13.7m]
  2350/2520  [13.8m]
  2360/2520  [13.9m]
  2370/2520  [14.0m]
  2380/2520  [14.1m]
  2390/2520  [14.2m]
  2400/2520  [15.0m]
  2410/2520  [15.6m]
  2420/2520  [15.9m]
  2430/2520  [16.3m]
  2440/2520  [16.5m]
  2450/2520  [16.6m]
  2460/2520  [16.7m]
  2470/2520  [16.8m]
  2480/2520  [16.8m]
  2490/2520  [16.9m]
  2500/2520  [17.0m]
  2510/2520  [17.0m]
  2520/2520  [17.1m]
done 2520 cells (0 failed) in 17.1 min -> /workspace/MBO-suppfix/results/supp_offoff/grid_offoff_b2.0.json
=== [2/2] tab:cov synthetic calibration, 30 seeds, off_off ===
210 cells, 30 workers (engine X1=False X3=False -> ../results/supp_offoff/calibration_off_off.json)
  10/210  [0.8m]
  20/210  [0.8m]
  30/210  [0.8m]
  40/210  [0.9m]
  50/210  [0.9m]
  60/210  [1.0m]
  70/210  [1.0m]
  80/210  [1.1m]
  90/210  [1.1m]
  100/210  [1.2m]
  110/210  [1.2m]
  120/210  [1.3m]
  130/210  [1.3m]
  140/210  [1.4m]
  150/210  [1.4m]
  160/210  [1.5m]
  170/210  [1.5m]
  180/210  [1.6m]
  190/210  [1.7m]
  200/210  [1.8m]
  210/210  [1.8m]
done 210 cells (0 failed) in 1.8 min -> /workspace/MBO-suppfix/results/supp_offoff/calibration_off_off.json
=== DONE ===
